error: Invalid attribute #[validate(length(...))] on field `s`:

         = note: Both `equal` and `min` or `max` have been set
         = help: Exclusively use either the `equal` or `min` and `max` attributes

 --> tests/compile-fail/length/equal_and_min_max_set.rs:5:40
  |
5 |     #[validate(length(min = 1, equal = 2))]
  |                                        ^
