error: Invalid attribute #[validate] on field `s`: Validator `range` requires at least 1 argument out of `min` and `max`
 --> $DIR/no_args.rs:5:5
  |
5 |     #[validate(range())]
  |     ^
