error[E0599]: no method named `validate` found for struct `Nested` in the current scope
 --> $DIR/no_nested_validations.rs:3:10
  |
3 | #[derive(Validate)]
  |          ^^^^^^^^ method not found in `Nested`
...
9 | struct Nested {
  | ------------- method `validate` not found for this
  |
  = help: items from traits can only be used if the trait is implemented and in scope
  = note: the following trait defines an item `validate`, perhaps you need to implement it:
          candidate #1: `validator::Validate`
  = note: this error originates in a derive macro (in Nightly builds, run with -Z macro-backtrace for more info)
