error: Unknown field: `not_a`
 --> tests/compile-fail/must_match/unexpected_name_value.rs:5:16
  |
5 |     #[validate(not_a(other = "validator"))]
  |                ^^^^^
